###############################################################################
#
# IAR ELF Linker V8.40.2.214/W32 for ARM                  04/Mar/2021  21:22:07
# Copyright 2007-2019 IAR Systems AB.
#
#    Output file  =  C:\Users\User\Downloads\Kprojet9\Debug\Exe\lab4.out
#    Map file     =  C:\Users\User\Downloads\Kprojet9\Debug\List\lab4.map
#    Command line =
#        -f C:\Users\User\AppData\Local\Temp\EW7463.tmp
#        (C:\Users\User\Downloads\Kprojet9\Debug\Obj\adc.o
#        C:\Users\User\Downloads\Kprojet9\Debug\Obj\Button.o
#        C:\Users\User\Downloads\Kprojet9\Debug\Obj\led.o
#        C:\Users\User\Downloads\Kprojet9\Debug\Obj\ledsIndicator.o
#        C:\Users\User\Downloads\Kprojet9\Debug\Obj\main.o
#        C:\Users\User\Downloads\Kprojet9\Debug\Obj\pin.o
#        C:\Users\User\Downloads\Kprojet9\Debug\Obj\startup.o
#        --no_out_extension -o
#        C:\Users\User\Downloads\Kprojet9\Debug\Exe\lab4.out --map
#        C:\Users\User\Downloads\Kprojet9\Debug\List\lab4.map --config
#        "C:\Program Files (x86)\IAR Systems\Embedded Workbench
#        8.3\arm\config\linker\ST\stm32f411xE.icf" --semihosting --entry
#        __iar_program_start --vfe --text_out locale)
#
###############################################################################

*******************************************************************************
*** RUNTIME MODEL ATTRIBUTES
***

CppFlavor                     = *
__CPP_Exceptions              = Disabled
__CPP_Language                = C++14
__Heap_Handler                = Basic
__SystemLibrary               = DLib
__dlib_dynamic_initialization = normal
__dlib_version                = 6


*******************************************************************************
*** HEAP SELECTION
***

The basic heap was selected because no calls to memory allocation
functions were found in the application outside of system library
functions, and there are calls to deallocation functions in the
application.


*******************************************************************************
*** PLACEMENT SUMMARY
***

"A0":  place at address 0x800'0000 { ro section .intvec };
"P1":  place in [from 0x800'0000 to 0x807'ffff] { ro };
define block CSTACK with size = 8K, alignment = 8 { };
define block HEAP with size = 8K, alignment = 8 { };
"P2":  place in [from 0x2000'0000 to 0x2001'ffff] {
          rw, block CSTACK, block HEAP };
initialize by copy { rw };

  Section                Kind         Address    Size  Object
  -------                ----         -------    ----  ------
"A0":                                            0xdc
  .intvec                const     0x800'0000    0xdc  startup.o [1]
                                 - 0x800'00dc    0xdc

"P1":                                          0x2bbc
  .text                  ro code   0x800'00dc   0xdaa  xprintflarge_nomb.o [2]
  .text                  ro code   0x800'0e86    0x3a  zero_init3.o [5]
  .text                  ro code   0x800'0ec0    0x16  strchr.o [5]
  .text                  ro code   0x800'0ed6     0xa  xsprout.o [2]
  .text                  ro code   0x800'0ee0    0x40  xfail_s.o [2]
  .text                  ro code   0x800'0f20    0x36  strlen.o [5]
  .text                  ro code   0x800'0f56     0x2  startup.o [1]
  .text                  ro code   0x800'0f58    0x58  memchr.o [5]
  .text                  ro code   0x800'0fb0    0x76  ABImemcpy_unaligned.o [5]
  .rodata                const     0x800'1026     0x1  unwind_debug.o [6]
  .text                  ro code   0x800'1028    0x70  frexp.o [4]
  .text                  ro code   0x800'1098   0x246  DblDiv.o [4]
  .text                  ro code   0x800'12e0    0x28  DblToU32.o [4]
  .text                  ro code   0x800'1308    0x1a  U32ToDbl.o [4]
  .text                  ro code   0x800'1324    0xe2  DblSub.o [4]
  .text                  ro code   0x800'1408   0x1a2  DblMul.o [4]
  .text                  ro code   0x800'15ac   0x230  I64DivMod.o [5]
  .text                  ro code   0x800'17dc     0x6  abort.o [2]
  .text                  ro code   0x800'17e4   0x17a  DblAdd.o [4]
  .text                  ro code   0x800'1960     0x2  I64DivZer.o [5]
  .text                  ro code   0x800'1964    0x14  exit.o [6]
  .text                  ro code   0x800'1978   0x1c2  ledsIndicator.o [1]
  .text                  ro code   0x800'1b3c    0xac  pin.o [1]
  .text                  ro code   0x800'1be8    0x74  startup.o [1]
  .text                  ro code   0x800'1c5c    0x3e  led.o [1]
  .text                  ro code   0x800'1c9c    0x22  S32ToDbl.o [4]
  .text                  ro code   0x800'1cc0    0x2e  DblCmpLe.o [4]
  .text                  ro code   0x800'1cee     0xc  pin.o [1]
  .text                  ro code   0x800'1cfa     0xc  pin.o [1]
  .text                  ro code   0x800'1d06     0x6  startup.o [1]
  .text                  ro code   0x800'1d0c     0x2  pin.o [1]
  .text                  ro code   0x800'1d0e     0x2  pin.o [1]
  .text                  ro code   0x800'1d10   0x188  main.o [1]
  .text                  ro code   0x800'1e98    0xec  Button.o [1]
  .text                  ro code   0x800'1f84    0x14  startup.o [1]
  .text                  ro code   0x800'1f98    0x14  main.o [1]
  .text                  ro code   0x800'1fac    0x14  main.o [1]
  .text                  ro code   0x800'1fc0    0x14  main.o [1]
  .text                  ro code   0x800'1fd4    0x14  main.o [1]
  .text                  ro code   0x800'1fe8    0x14  main.o [1]
  .text                  ro code   0x800'1ffc    0x10  main.o [1]
  .text                  ro code   0x800'200c    0x14  main.o [1]
  .text                  ro code   0x800'2020    0x10  main.o [1]
  .text                  ro code   0x800'2030    0x10  main.o [1]
  .text                  ro code   0x800'2040    0x10  main.o [1]
  .text                  ro code   0x800'2050    0x10  main.o [1]
  .text                  ro code   0x800'2060    0x14  main.o [1]
  .text                  ro code   0x800'2074    0x14  main.o [1]
  .text                  ro code   0x800'2088     0xc  main.o [1]
  .text                  ro code   0x800'2094    0x14  main.o [1]
  .text                  ro code   0x800'20a8    0x10  main.o [1]
  .text                  ro code   0x800'20b8    0x34  main.o [1]
  .text                  ro code   0x800'20ec     0xc  main.o [1]
  .text                  ro code   0x800'20f8    0x3c  startup.o [1]
  .text                  ro code   0x800'2134    0x14  main.o [1]
  .text                  ro code   0x800'2148    0x24  ABIassert.o [6]
  .text                  ro code   0x800'216c    0x14  startup.o [1]
  .text                  ro code   0x800'2180    0x10  startup.o [1]
  .text                  ro code   0x800'2190    0x14  startup.o [1]
  .text                  ro code   0x800'21a4    0x10  startup.o [1]
  .text                  ro code   0x800'21b4    0x14  startup.o [1]
  .text                  ro code   0x800'21c8    0x14  startup.o [1]
  .text                  ro code   0x800'21dc    0x14  startup.o [1]
  .text                  ro code   0x800'21f0    0x10  startup.o [1]
  .text                  ro code   0x800'2200     0xc  startup.o [1]
  .text                  ro code   0x800'220c    0x14  startup.o [1]
  .text                  ro code   0x800'2220    0x14  startup.o [1]
  .text                  ro code   0x800'2234    0x14  startup.o [1]
  .text                  ro code   0x800'2248   0x160  startup.o [1]
  .text                  ro code   0x800'23a8    0x7c  startup.o [1]
  .text                  ro code   0x800'2424     0xa  startup.o [1]
  .text                  ro code   0x800'242e    0x14  startup.o [1]
  .text                  ro code   0x800'2442    0x3c  startup.o [1]
  .text                  ro code   0x800'2480    0x10  startup.o [1]
  .text                  ro code   0x800'2490    0x10  startup.o [1]
  .text                  ro code   0x800'24a0    0x14  startup.o [1]
  .text                  ro code   0x800'24b4    0x14  startup.o [1]
  .text                  ro code   0x800'24c8    0x10  startup.o [1]
  .text                  ro code   0x800'24d8     0xc  startup.o [1]
  .text                  ro code   0x800'24e4    0x30  startup.o [1]
  .text                  ro code   0x800'2514    0xe8  startup.o [1]
  .text                  ro code   0x800'25fc    0x22  fpinit_M.o [4]
  .text                  ro code   0x800'2620    0x1e  cmain.o [5]
  .text                  ro code   0x800'2640    0x28  data_init.o [5]
  .text                  ro code   0x800'2668     0x4  exit.o [2]
  .text                  ro code   0x800'266c     0xa  cexit.o [5]
  .text                  ro code   0x800'2678    0x7c  startup.o [1]
  .text                  ro code   0x800'26f4    0x40  sprintf.o [2]
  .text                  ro code   0x800'2734     0xc  startup.o [1]
  .text                  ro code   0x800'2740     0xc  startup.o [1]
  .text                  ro code   0x800'274c    0x10  startup.o [1]
  .rodata                const     0x800'275c    0x6c  main.o [1]
  .rodata                const     0x800'27c8    0x50  startup.o [1]
  .rodata                const     0x800'2818    0x40  pin.o [1]
  .text                  ro code   0x800'2858    0x38  packbits_init_single.o [5]
  .rodata                const     0x800'2890    0x30  startup.o [1]
  .rodata                const     0x800'28c0    0x30  startup.o [1]
  .rodata                const     0x800'28f0    0x2c  startup.o [1]
  .text                  ro code   0x800'291c    0x2c  startup.o [1]
  .text                  ro code   0x800'2948     0xc  startup.o [1]
  .text                  ro code   0x800'2954     0xc  startup.o [1]
  .text                  ro code   0x800'2960    0x2c  startup.o [1]
  .text                  ro code   0x800'298c     0xc  startup.o [1]
  .text                  ro code   0x800'2998     0xc  startup.o [1]
  .text                  ro code   0x800'29a4    0x2c  startup.o [1]
  .text                  ro code   0x800'29d0    0x10  startup.o [1]
  .text                  ro code   0x800'29e0    0x10  startup.o [1]
  .text                  ro code   0x800'29f0    0x10  startup.o [1]
  .text                  ro code   0x800'2a00    0x2a  startup.o [1]
  .text                  ro code   0x800'2a2c    0x14  startup.o [1]
  .text                  ro code   0x800'2a40    0x12  startup.o [1]
  .text                  ro code   0x800'2a54     0xc  startup.o [1]
  .text                  ro code   0x800'2a60     0xc  startup.o [1]
  .text                  ro code   0x800'2a6c    0x14  startup.o [1]
  .text                  ro code   0x800'2a80     0xc  startup.o [1]
  .iar.init_table        const     0x800'2a8c    0x24  - Linker created -
  .text                  ro code   0x800'2ab0    0x20  cmain_call_ctors.o [5]
  .text                  ro code   0x800'2ad0    0x18  cppinit.o [2]
  .rodata                const     0x800'2ae8    0x1c  startup.o [1]
  .rodata                const     0x800'2b04    0x18  main.o [1]
  .rodata                const     0x800'2b1c    0x18  startup.o [1]
  .text                  ro code   0x800'2b34    0x18  startup.o [1]
  .text                  ro code   0x800'2b4c    0x14  startup.o [1]
  .text                  ro code   0x800'2b60    0x12  startup.o [1]
  .text                  ro code   0x800'2b72    0x12  startup.o [1]
  .text                  ro code   0x800'2b84     0xc  startup.o [1]
  .text                  ro code   0x800'2b90    0x12  startup.o [1]
  .text                  ro code   0x800'2ba4     0xc  startup.o [1]
  .text                  ro code   0x800'2bb0    0x10  startup.o [1]
  .text                  ro code   0x800'2bc0    0x10  startup.o [1]
  SHT$$PREINIT_ARRAY               0x800'2bd0     0x0  <Block>
  SHT$$INIT_ARRAY                  0x800'2bd0    0x10  <Block>
    .init_array          const     0x800'2bd0     0x4  Button.o [1]
    .init_array          const     0x800'2bd4     0x4  ledsIndicator.o [1]
    .init_array          const     0x800'2bd8     0x4  main.o [1]
    .init_array          const     0x800'2bdc     0x4  startup.o [1]
  __iar_tls$$INIT_ARRAY            0x800'2be0     0x0  <Block>
  .text                  ro code   0x800'2be0     0xe  startup.o [1]
  .text                  ro code   0x800'2bf0     0xc  startup.o [1]
  .text                  ro code   0x800'2bfc     0xe  startup.o [1]
  .text                  ro code   0x800'2c0c     0xc  startup.o [1]
  .text                  ro code   0x800'2c18     0xe  startup.o [1]
  .text                  ro code   0x800'2c26     0xe  startup.o [1]
  .rodata                const     0x800'2c34     0xc  startup.o [1]
  .text                  ro code   0x800'2c40     0xa  startup.o [1]
  .text                  ro code   0x800'2c4a     0xa  startup.o [1]
  .text                  ro code   0x800'2c54     0xa  startup.o [1]
  .text                  ro code   0x800'2c5e     0xa  startup.o [1]
  .text                  ro code   0x800'2c68     0xa  startup.o [1]
  .rodata                const     0x800'2c72     0x0  zero_init3.o [5]
  .rodata                const     0x800'2c72     0x0  packbits_init_single.o [5]
  Initializer bytes      const     0x800'2c72    0x26  <for P2-1>
                                 - 0x800'2c98  0x2bbc

"P2", part 1 of 3:                               0x2d
  P2-1                            0x2000'0000    0x2d  <Init block>
    .data                inited   0x2000'0000    0x10  startup.o [1]
    .data                inited   0x2000'0010     0x8  startup.o [1]
    .data                inited   0x2000'0018     0x8  startup.o [1]
    .data                inited   0x2000'0020     0x4  startup.o [1]
    .data                inited   0x2000'0024     0x4  startup.o [1]
    .data                inited   0x2000'0028     0x4  startup.o [1]
    .data                inited   0x2000'002c     0x1  startup.o [1]
                                - 0x2000'002d    0x2d

"P2", part 2 of 3:                               0xa4
  .bss                   zero     0x2000'0030    0x38  startup.o [1]
  .bss                   zero     0x2000'0068    0x10  startup.o [1]
  .bss                   zero     0x2000'0078    0x10  startup.o [1]
  .bss                   zero     0x2000'0088    0x10  startup.o [1]
  .bss                   zero     0x2000'0098    0x10  startup.o [1]
  .bss                   zero     0x2000'00a8    0x10  startup.o [1]
  .bss                   zero     0x2000'00b8     0x4  startup.o [1]
  .bss                   zero     0x2000'00bc     0x4  xfail_s.o [2]
  .bss                   zero     0x2000'00c0     0x2  startup.o [1]
  .bss                   zero     0x2000'00c2     0x2  startup.o [1]
  .bss                   zero     0x2000'00c4     0x2  startup.o [1]
  .bss                   zero     0x2000'00c6     0x1  startup.o [1]
  .bss                   zero     0x2000'00c7     0x1  startup.o [1]
  .bss                   zero     0x2000'00c8     0x1  startup.o [1]
  .bss                   zero     0x2000'00c9     0x1  startup.o [1]
  .bss                   zero     0x2000'00ca     0x1  startup.o [1]
  .bss                   zero     0x2000'00cb     0x1  startup.o [1]
  .bss                   zero     0x2000'00cc     0x1  startup.o [1]
  .bss                   zero     0x2000'00cd     0x1  startup.o [1]
  .bss                   zero     0x2000'00ce     0x1  startup.o [1]
  .bss                   zero     0x2000'00cf     0x1  startup.o [1]
  .bss                   zero     0x2000'00d0     0x1  startup.o [1]
  .bss                   zero     0x2000'00d1     0x1  startup.o [1]
                                - 0x2000'00d2    0xa2

"P2", part 3 of 3:                             0x2000
  CSTACK                          0x2000'00d8  0x2000  <Block>
    CSTACK               uninit   0x2000'00d8  0x2000  <Block tail>
                                - 0x2000'20d8  0x2000

Unused ranges:

         From           To      Size
         ----           --      ----
   0x800'2c98   0x807'ffff  0x7'd368
  0x2000'002d  0x2000'002f       0x3
  0x2000'00d4  0x2000'00d7       0x4
  0x2000'20d8  0x2001'ffff  0x1'df28


*******************************************************************************
*** INIT TABLE
***

          Address      Size
          -------      ----
Zero (__iar_zero_init3)
    1 destination range, total size 0xa2:
          0x2000'0030  0xa2

Copy/packbits (__iar_packbits_init_single3)
    1 source range, total size 0x26 (84% of destination):
           0x800'2c72  0x26
    1 destination range, total size 0x2d:
          0x2000'0000  0x2d

Extra (__iar_cstart_call_ctors)



*******************************************************************************
*** MODULE SUMMARY
***

    Module                  ro code  ro data  rw data
    ------                  -------  -------  -------
command line/config:
    -------------------------------------------------
    Total:

C:\Users\User\Downloads\Kprojet9\Debug\Obj: [1]
    Button.o                    236        4
    led.o                        62
    ledsIndicator.o             450        4
    main.o                      764      136
    pin.o                       200       64
    startup.o                 2'182      546      203
    -------------------------------------------------
    Total:                    3'894      754      203

dl7M_tln.a: [2]
    abort.o                       6
    cppinit.o                    24
    exit.o                        4
    sprintf.o                    64
    xfail_s.o                    64                 4
    xprintflarge_nomb.o       3'498
    xsprout.o                    10
    -------------------------------------------------
    Total:                    3'670                 4

dlpp7M_tl_nc.a: [3]
    -------------------------------------------------
    Total:

m7M_tls.a: [4]
    DblAdd.o                    378
    DblCmpLe.o                   46
    DblDiv.o                    582
    DblMul.o                    418
    DblSub.o                    226
    DblToU32.o                   40
    S32ToDbl.o                   34
    U32ToDbl.o                   26
    fpinit_M.o                   34
    frexp.o                     112
    -------------------------------------------------
    Total:                    1'896

rt7M_tl.a: [5]
    ABImemcpy_unaligned.o       118
    I64DivMod.o                 560
    I64DivZer.o                   2
    cexit.o                      10
    cmain.o                      30
    cmain_call_ctors.o           32
    data_init.o                  40
    memchr.o                     88
    packbits_init_single.o       56
    strchr.o                     22
    strlen.o                     54
    zero_init3.o                 58
    -------------------------------------------------
    Total:                    1'070

shb_l.a: [6]
    ABIassert.o                  36
    exit.o                       20
    unwind_debug.o                         1
    -------------------------------------------------
    Total:                       56        1

    Gaps                         39
    Linker created                        36    8'192
-----------------------------------------------------
    Grand Total:             10'625      791    8'399


*******************************************************************************
*** ENTRY LIST
***

Entry                       Address   Size  Type      Object
-----                       -------   ----  ----      ------
.iar.init_table$$Base    0x800'2a8c          --   Gb  - Linker created -
.iar.init_table$$Limit   0x800'2ab0          --   Gb  - Linker created -
?main                    0x800'2621         Code  Gb  cmain.o [5]
ADC::Enable()            0x800'20f9   0x3c  Code  Gb  startup.o [1]
ADC::GetCode()           0x800'242f   0x14  Code  Gb  startup.o [1]
ADC::GetRefVoltage()     0x800'1d07    0x6  Code  Gb  startup.o [1]
ADC::GetVoltage()        0x800'2443   0x3c  Code  Gb  startup.o [1]
ADC::Start()             0x800'2425    0xa  Code  Gb  startup.o [1]
ADC::UpdateRefVoltage()
                         0x800'23a9   0x7c  Code  Gb  startup.o [1]
Button::Button(IButtonPin &)
                         0x800'1f81    0x4  Code  Gb  Button.o [1]
Button::WasPressed()     0x800'1f59   0x28  Code  Gb  Button.o [1]
CSTACK$$Base            0x2000'00d8          --   Gb  - Linker created -
CSTACK$$Limit           0x2000'20d8          --   Gb  - Linker created -
IButtonPin::IButtonPin()
                         0x800'1d0d    0x2  Code  Gb  pin.o [1]
IButtonPin::IButtonPin() [subobject]
                         0x800'1cef    0xc  Code  Gb  pin.o [1]
ILedPin::ILedPin()       0x800'1d0f    0x2  Code  Gb  pin.o [1]
ILedPin::ILedPin() [subobject]
                         0x800'1cfb    0xc  Code  Gb  pin.o [1]
Initialization guard variable for InterruptHandler::TimerHandler()::CAL1
                        0x2000'00d0    0x1  Data  Gb  startup.o [1]
Initialization guard variable for InterruptHandler::TimerHandler()::CAL2
                        0x2000'00d1    0x1  Data  Gb  startup.o [1]
Initialization guard variable for InterruptHandler::Usart2InterruptHandler()::size
                        0x2000'00ce    0x1  Data  Gb  startup.o [1]
Initialization guard variable for button
                        0x2000'00cc    0x1  Data  Gb  startup.o [1]
Initialization guard variable for ledsIndicator
                        0x2000'00cb    0x1  Data  Gb  startup.o [1]
Initialization guard variable for pinButton
                        0x2000'00ca    0x1  Data  Gb  startup.o [1]
Initialization guard variable for pinLed1
                        0x2000'00c6    0x1  Data  Gb  startup.o [1]
Initialization guard variable for pinLed2
                        0x2000'00c7    0x1  Data  Gb  startup.o [1]
Initialization guard variable for pinLed3
                        0x2000'00c8    0x1  Data  Gb  startup.o [1]
Initialization guard variable for pinLed4
                        0x2000'00c9    0x1  Data  Gb  startup.o [1]
InterruptHandler::DummyHandler()
                         0x800'0f57    0x2  Code  Gb  startup.o [1]
InterruptHandler::TimerHandler()
                         0x800'2249  0x160  Code  Gb  startup.o [1]
InterruptHandler::TimerHandler()::CAL1
                        0x2000'00c2    0x2  Data  Gb  startup.o [1]
InterruptHandler::TimerHandler()::CAL2
                        0x2000'00c4    0x2  Data  Gb  startup.o [1]
InterruptHandler::TimerHandler()::f
                        0x2000'002c    0x1  Data  Gb  startup.o [1]
InterruptHandler::TimerHandler()::t1
                        0x2000'0010    0x8  Data  Gb  startup.o [1]
InterruptHandler::TimerHandler()::t2
                        0x2000'0018    0x8  Data  Gb  startup.o [1]
InterruptHandler::Usart2InterruptHandler()
                         0x800'2679   0x7c  Code  Gb  startup.o [1]
InterruptHandler::Usart2InterruptHandler()::buff
                        0x2000'00cf    0x1  Data  Gb  startup.o [1]
InterruptHandler::Usart2InterruptHandler()::size
                        0x2000'00c0    0x2  Data  Gb  startup.o [1]
InterruptHandler::Usart2InterruptHandler()::string
                         0x800'2c34    0xc  Data  Gb  startup.o [1]
Led::Enable()            0x800'1c81   0x1a  Code  Gb  led.o [1]
Led::Led(ILedPin &)      0x800'1c5d    0x4  Code  Gb  led.o [1]
Led::TurnOff()           0x800'1c71   0x10  Code  Gb  led.o [1]
Led::TurnOn()            0x800'1c61   0x10  Code  Gb  led.o [1]
LedsIndicator::Enable()
                         0x800'19fd   0x34  Code  Gb  ledsIndicator.o [1]
LedsIndicator::GetDispValue()
                         0x800'1b35    0x6  Code  Gb  ledsIndicator.o [1]
LedsIndicator::GetTimer()
                         0x800'1b31    0x4  Code  Gb  ledsIndicator.o [1]
LedsIndicator::LedsIndicator()
                         0x800'1be9   0x74  Code  Gb  startup.o [1]
LedsIndicator::Start()   0x800'1b21   0x10  Code  Gb  ledsIndicator.o [1]
LedsIndicator::Update(double, double, double)
                         0x800'1a31   0xb2  Code  Gb  ledsIndicator.o [1]
Pin::Enable()            0x800'1bb5   0x1e  Code  Gb  pin.o [1]
Pin::IsSet()             0x800'1ba1   0x12  Code  Gb  pin.o [1]
Pin::Pin(unsigned char, IPort &)
                         0x800'1b3d   0x28  Code  Gb  pin.o [1]
Pin::Reset()             0x800'1b89   0x18  Code  Gb  pin.o [1]
Pin::SelectOutputMode()
                         0x800'1bd5   0x14  Code  Gb  pin.o [1]
Pin::Set()               0x800'1b6f   0x18  Code  Gb  pin.o [1]
Port<GPIOA>::Enable()    0x800'2c4b    0xa  Code  Gb  startup.o [1]
Port<GPIOA>::IsEnable()
                         0x800'2c5f    0xa  Code  Gb  startup.o [1]
Port<GPIOA>::IsSet(unsigned char)
                         0x800'2b91   0x12  Code  Gb  startup.o [1]
Port<GPIOA>::ModeSet(unsigned char, Moder)
                         0x800'2961   0x2c  Code  Gb  startup.o [1]
Port<GPIOA>::Reset(unsigned int)
                         0x800'2c27    0xe  Code  Gb  startup.o [1]
Port<GPIOA>::Set(unsigned int)
                         0x800'2bfd    0xe  Code  Gb  startup.o [1]
Port<GPIOC>::Enable()    0x800'2c41    0xa  Code  Gb  startup.o [1]
Port<GPIOC>::IsEnable()
                         0x800'2c55    0xa  Code  Gb  startup.o [1]
Port<GPIOC>::IsSet(unsigned char)
                         0x800'2b73   0x12  Code  Gb  startup.o [1]
Port<GPIOC>::ModeSet(unsigned char, Moder)
                         0x800'291d   0x2c  Code  Gb  startup.o [1]
Port<GPIOC>::Reset(unsigned int)
                         0x800'2c19    0xe  Code  Gb  startup.o [1]
Port<GPIOC>::Set(unsigned int)
                         0x800'2be1    0xe  Code  Gb  startup.o [1]
Region$$Table$$Base      0x800'2a8c          --   Gb  - Linker created -
Region$$Table$$Limit     0x800'2ab0          --   Gb  - Linker created -
SHT$$INIT_ARRAY$$Base    0x800'2bd0          --   Gb  - Linker created -
SHT$$INIT_ARRAY$$Limit   0x800'2be0          --   Gb  - Linker created -
SHT$$PREINIT_ARRAY$$Base
                         0x800'2bd0          --   Gb  - Linker created -
SHT$$PREINIT_ARRAY$$Limit
                         0x800'2bd0          --   Gb  - Linker created -
Thunk for (offset -4) Pin::Enable()
                         0x800'1bb3    0x2  Code  Gb  pin.o [1]
Thunk for (offset -4) Pin::Reset()
                         0x800'1b87    0x2  Code  Gb  pin.o [1]
Thunk for (offset -4) Pin::SelectOutputMode()
                         0x800'1bd3    0x2  Code  Gb  pin.o [1]
Thunk for (offset -4) Pin::Set()
                         0x800'1b6d    0x2  Code  Gb  pin.o [1]
Timer<TIM2, (unsigned int)8000000>::Enable()
                         0x800'2a01   0x2a  Code  Gb  startup.o [1]
Timer<TIM2, (unsigned int)8000000>::IsOverFlowed()
                         0x800'29a5   0x2c  Code  Gb  startup.o [1]
Timer<TIM2, (unsigned int)8000000>::SetPeriod(unsigned int)
                         0x800'2b35   0x18  Code  Gb  startup.o [1]
Timer<TIM2, (unsigned int)8000000>::Start()
                         0x800'2c69    0xa  Code  Gb  startup.o [1]
Virtual function table for ADC
                         0x800'28f0   0x2c  Data  Gb  startup.o [1]
Virtual function table for Pin
                         0x800'2818   0x40  Data  Gb  pin.o [1]
Virtual function table for Port<GPIOA>
                         0x800'28c0   0x30  Data  Gb  startup.o [1]
Virtual function table for Port<GPIOC>
                         0x800'2890   0x30  Data  Gb  startup.o [1]
Virtual function table for Timer<TIM2, (unsigned int)8000000>
                         0x800'2ae8   0x1c  Data  Gb  startup.o [1]
_LitobLargeNoMb          0x800'0c5b  0x10a  Code  Lc  xprintflarge_nomb.o [2]
_PrintfLargeNoMb         0x800'00dd  0xb78  Code  Gb  xprintflarge_nomb.o [2]
_PutcharLargeNoMb        0x800'0dcd   0x20  Code  Lc  xprintflarge_nomb.o [2]
_PutcharsLargeNoMb       0x800'0ded   0x2e  Code  Lc  xprintflarge_nomb.o [2]
_SProut                  0x800'0ed7    0xa  Code  Gb  xsprout.o [2]
__aeabi_assert           0x800'2149   0x24  Code  Gb  ABIassert.o [6]
__aeabi_cdcmple          0x800'1cc1         Code  Gb  DblCmpLe.o [4]
__aeabi_d2uiz            0x800'12e1         Code  Gb  DblToU32.o [4]
__aeabi_dadd             0x800'17e5         Code  Gb  DblAdd.o [4]
__aeabi_ddiv             0x800'1099         Code  Gb  DblDiv.o [4]
__aeabi_dmul             0x800'1409         Code  Gb  DblMul.o [4]
__aeabi_dsub             0x800'1325         Code  Gb  DblSub.o [4]
__aeabi_i2d              0x800'1c9d         Code  Gb  S32ToDbl.o [4]
__aeabi_ldiv0            0x800'1961         Code  Gb  I64DivZer.o [5]
__aeabi_ui2d             0x800'1309         Code  Gb  U32ToDbl.o [4]
__aeabi_uldivmod         0x800'15ad         Code  Gb  I64DivMod.o [5]
__call_ctors             0x800'2ad1   0x18  Code  Gb  cppinit.o [2]
__cmain                  0x800'2621         Code  Gb  cmain.o [5]
__exit                   0x800'1965   0x14  Code  Gb  exit.o [6]
__iar_Fail_s             0x800'0ee1   0x1c  Code  Gb  xfail_s.o [2]
__iar_Memchr             0x800'0f59         Code  Gb  memchr.o [5]
__iar_Strchr             0x800'0ec1         Code  Gb  strchr.o [5]
__iar_cstart_call_ctors
                         0x800'2ab1   0x20  Code  Gb  cmain_call_ctors.o [5]
__iar_dadd               0x800'1335         Code  Gb  DblSub.o [4]
__iar_data_init3         0x800'2641   0x28  Code  Gb  data_init.o [5]
__iar_debug_exceptions   0x800'1026    0x1  Data  Gb  unwind_debug.o [6]
__iar_dsub               0x800'17f5         Code  Gb  DblAdd.o [4]
__iar_dsubStart          0x800'1807         Code  Gb  DblAdd.o [4]
__iar_frexp              0x800'1035         Code  Gb  frexp.o [4]
__iar_frexpl             0x800'1035         Code  Gb  frexp.o [4]
__iar_init_vfp           0x800'25fd         Code  Gb  fpinit_M.o [4]
__iar_packbits_init_single3
                         0x800'2859   0x38  Code  Gb  packbits_init_single.o [5]
__iar_program_start      0x800'25ed   0x10  Code  Gb  startup.o [1]
__iar_softfp___iar_frexp64
                         0x800'1029         Code  Gb  frexp.o [4]
__iar_softfp_frexp       0x800'1029         Code  Gb  frexp.o [4]
__iar_softfp_frexpl      0x800'1029         Code  Gb  frexp.o [4]
__iar_tls$$INIT_ARRAY$$Base
                         0x800'2be0          --   Gb  - Linker created -
__iar_tls$$INIT_ARRAY$$Limit
                         0x800'2be0          --   Gb  - Linker created -
__iar_unaligned_memcpy   0x800'0fb1         Code  Gb  ABImemcpy_unaligned.o [5]
__iar_unaligned_memcpy4
                         0x800'0fd1         Code  Gb  ABImemcpy_unaligned.o [5]
__iar_unaligned_memcpy8
                         0x800'0fd1         Code  Gb  ABImemcpy_unaligned.o [5]
__iar_zero_init3         0x800'0e87   0x3a  Code  Gb  zero_init3.o [5]
__low_level_init         0x800'1da9   0x6a  Code  Gb  main.o [1]
__sti__routine           0x800'1e99   0x86  Code  Lc  Button.o [1]
__sti__routine           0x800'1979   0x84  Code  Lc  ledsIndicator.o [1]
__sti__routine           0x800'1d11   0x98  Code  Lc  main.o [1]
__sti__routine           0x800'2515   0x98  Code  Lc  startup.o [1]
__vector_table           0x800'0000   0xdc  Data  Lc  startup.o [1]
_call_main               0x800'262d         Code  Gb  cmain.o [5]
_exit                    0x800'266d         Code  Gb  cexit.o [5]
_main                    0x800'263b         Code  Gb  cmain.o [5]
abort                    0x800'17dd    0x6  Code  Gb  abort.o [2]
adc1                    0x2000'0000   0x10  Data  Gb  startup.o [1]
bool FieldValueBase<ADC1_SR_EOC_Values<ADC1::SR, (unsigned int)1, (unsigned int)1, ReadWriteMode, ADC1::ADC1SRBase>, ADC1::ADC1SRBase, (unsigned int)1>::IsSet<ReadWriteMode, void>()
                         0x800'24c9   0x10  Code  Gb  startup.o [1]
bool FieldValueBase<RCC_AHB1ENR_DMA2EN_Values<RCC::AHB1ENR, (unsigned int)0, (unsigned int)1, ReadWriteMode, RCC::RCCAHB1ENRBase>, RCC::RCCAHB1ENRBase, (unsigned int)1>::IsSet<ReadWriteMode, void>()
                         0x800'2bb1   0x10  Code  Gb  startup.o [1]
bool FieldValueBase<RCC_AHB1ENR_DMA2EN_Values<RCC::AHB1ENR, (unsigned int)2, (unsigned int)1, ReadWriteMode, RCC::RCCAHB1ENRBase>, RCC::RCCAHB1ENRBase, (unsigned int)1>::IsSet<ReadWriteMode, void>()
                         0x800'2bc1   0x10  Code  Gb  startup.o [1]
bool FieldValueBase<TIM2_DIER_UIE_Values<TIM2::DIER, (unsigned int)0, (unsigned int)1, ReadWriteMode, TIM2::TIM2DIERBase>, TIM2::TIM2DIERBase, (unsigned int)1>::IsSet<ReadWriteMode, void>()
                         0x800'29e1   0x10  Code  Gb  startup.o [1]
bool FieldValueBase<TIM2_SR_UIF_Values<TIM2::SR, (unsigned int)0, (unsigned int)1, ReadWriteMode, TIM2::TIM2SRBase>, TIM2::TIM2SRBase, (unsigned int)1>::IsSet<ReadWriteMode, void>()
                         0x800'29d1   0x10  Code  Gb  startup.o [1]
bool FieldValueBase<USART2_SR_TXE_Values<USART2::SR, (unsigned int)7, (unsigned int)1, ReadMode, USART2::USART2SRBase>, USART2::USART2SRBase, (unsigned int)1>::IsSet<ReadMode, void>()
                         0x800'274d   0x10  Code  Gb  startup.o [1]
button                  0x2000'00b8    0x4  Data  Gb  startup.o [1]
exit                     0x800'2669    0x4  Code  Gb  exit.o [2]
flagIndicatorSwitch     0x2000'00cd    0x1  Data  Gb  startup.o [1]
ledsIndicator           0x2000'0030   0x38  Data  Gb  startup.o [1]
main                     0x800'1e13   0x38  Code  Gb  main.o [1]
memchr                   0x800'0f59         Code  Gb  memchr.o [5]
pinButton               0x2000'00a8   0x10  Data  Gb  startup.o [1]
pinLed1                 0x2000'0068   0x10  Data  Gb  startup.o [1]
pinLed2                 0x2000'0078   0x10  Data  Gb  startup.o [1]
pinLed3                 0x2000'0088   0x10  Data  Gb  startup.o [1]
pinLed4                 0x2000'0098   0x10  Data  Gb  startup.o [1]
portA                   0x2000'0024    0x4  Data  Gb  startup.o [1]
portC                   0x2000'0020    0x4  Data  Gb  startup.o [1]
scale                    0x800'0d65   0x46  Code  Lc  xprintflarge_nomb.o [2]
sec_hand                0x2000'00bc    0x4  Data  Lc  xfail_s.o [2]
sprintf                  0x800'26f5   0x40  Code  Gb  sprintf.o [2]
strchr                   0x800'0ec1         Code  Gb  strchr.o [5]
strlen                   0x800'0f21         Code  Gb  strlen.o [5]
tim2                    0x2000'0028    0x4  Data  Gb  startup.o [1]
unsigned int RegisterBase<(unsigned int)1073759236, (unsigned int)32, ReadWriteMode>::Get<ReadWriteMode, void>()
                         0x800'2735    0xc  Code  Gb  startup.o [1]
unsigned int RegisterBase<(unsigned int)1073815628, (unsigned int)32, ReadMode>::Get<ReadMode, void>()
                         0x800'24d9    0xc  Code  Gb  startup.o [1]
unsigned int RegisterBase<(unsigned int)1073872896, (unsigned int)32, ReadWriteMode>::Get<ReadWriteMode, void>()
                         0x800'298d    0xc  Code  Gb  startup.o [1]
unsigned int RegisterBase<(unsigned int)1073872912, (unsigned int)32, ReadMode>::Get<ReadMode, void>()
                         0x800'2ba5    0xc  Code  Gb  startup.o [1]
unsigned int RegisterBase<(unsigned int)1073874944, (unsigned int)32, ReadWriteMode>::Get<ReadWriteMode, void>()
                         0x800'2949    0xc  Code  Gb  startup.o [1]
unsigned int RegisterBase<(unsigned int)1073874960, (unsigned int)32, ReadMode>::Get<ReadMode, void>()
                         0x800'2b85    0xc  Code  Gb  startup.o [1]
unsigned int RegisterField<ADC1::SQR3, (unsigned int)0, (unsigned int)5, ReadWriteMode>::Get<ReadWriteMode, void>()
                         0x800'2491   0x10  Code  Gb  startup.o [1]
unsigned int RegisterField<USART2::CR1, (unsigned int)15, (unsigned int)1, ReadWriteMode>::Get<ReadWriteMode, void>()
                         0x800'20a9   0x10  Code  Gb  main.o [1]
void FieldValueBase<ADC1_CR1_RES_Values<ADC1::CR1, (unsigned int)24, (unsigned int)2, ReadWriteMode, ADC1::ADC1CR1Base>, ADC1::ADC1CR1Base, (unsigned int)0>::Set<ReadWriteMode, void>()
                         0x800'2181   0x10  Code  Gb  startup.o [1]
void FieldValueBase<ADC1_CR1_SCAN_Values<ADC1::CR1, (unsigned int)8, (unsigned int)1, ReadWriteMode, ADC1::ADC1CR1Base>, ADC1::ADC1CR1Base, (unsigned int)1>::Set<ReadWriteMode, void>()
                         0x800'2191   0x14  Code  Gb  startup.o [1]
void FieldValueBase<ADC1_CR2_ADON_Values<ADC1::CR2, (unsigned int)0, (unsigned int)1, ReadWriteMode, ADC1::ADC1CR2Base>, ADC1::ADC1CR2Base, (unsigned int)0>::Set<ReadWriteMode, void>()
                         0x800'2481   0x10  Code  Gb  startup.o [1]
void FieldValueBase<ADC1_CR2_ADON_Values<ADC1::CR2, (unsigned int)0, (unsigned int)1, ReadWriteMode, ADC1::ADC1CR2Base>, ADC1::ADC1CR2Base, (unsigned int)1>::Set<ReadWriteMode, void>()
                         0x800'2221   0x14  Code  Gb  startup.o [1]
void FieldValueBase<ADC1_CR2_CONT_Values<ADC1::CR2, (unsigned int)1, (unsigned int)1, ReadWriteMode, ADC1::ADC1CR2Base>, ADC1::ADC1CR2Base, (unsigned int)0>::Set<ReadWriteMode, void>()
                         0x800'21a5   0x10  Code  Gb  startup.o [1]
void FieldValueBase<ADC1_CR2_EOCS_Values<ADC1::CR2, (unsigned int)10, (unsigned int)1, ReadWriteMode, ADC1::ADC1CR2Base>, ADC1::ADC1CR2Base, (unsigned int)1>::Set<ReadWriteMode, void>()
                         0x800'21b5   0x14  Code  Gb  startup.o [1]
void FieldValueBase<ADC1_CR2_SWSTART_Values<ADC1::CR2, (unsigned int)30, (unsigned int)1, ReadWriteMode, ADC1::ADC1CR2Base>, ADC1::ADC1CR2Base, (unsigned int)1>::Set<ReadWriteMode, void>()
                         0x800'24b5   0x14  Code  Gb  startup.o [1]
void FieldValueBase<ADC1_SQR1_L_Values<ADC1::SQR1, (unsigned int)20, (unsigned int)4, ReadWriteMode, ADC1::ADC1SQR1Base>, ADC1::ADC1SQR1Base, (unsigned int)1>::Set<ReadWriteMode, void>()
                         0x800'21c9   0x14  Code  Gb  startup.o [1]
void FieldValueBase<ADC1_SQR3_SQ1_Values<ADC1::SQR3, (unsigned int)0, (unsigned int)5, ReadWriteMode, ADC1::ADC1SQR3Base>, ADC1::ADC1SQR3Base, (unsigned int)16>::Set<ReadWriteMode, void>()
                         0x800'21dd   0x14  Code  Gb  startup.o [1]
void FieldValueBase<ADC1_SQR3_SQ1_Values<ADC1::SQR3, (unsigned int)0, (unsigned int)5, ReadWriteMode, ADC1::ADC1SQR3Base>, ADC1::ADC1SQR3Base, (unsigned int)17>::Set<ReadWriteMode, void>()
                         0x800'24a1   0x14  Code  Gb  startup.o [1]
void FieldValueBase<ADC1_SQR3_SQ2_Values<ADC1::SQR3, (unsigned int)5, (unsigned int)5, ReadWriteMode, ADC1::ADC1SQR3Base>, ADC1::ADC1SQR3Base, (unsigned int)0>::Set<ReadWriteMode, void>()
                         0x800'21f1   0x10  Code  Gb  startup.o [1]
void FieldValueBase<ADC_Common_CCR_TSVREFE_Values<ADC_Common::CCR, (unsigned int)23, (unsigned int)1, ReadWriteMode, ADC_Common::ADC_CommonCCRBase>, ADC_Common::ADC_CommonCCRBase, (unsigned int)1>::Set<ReadWriteMode, void>()
                         0x800'220d   0x14  Code  Gb  startup.o [1]
void FieldValueBase<GPIOA_AFRL_AFRL7_Values<GPIOA::AFRL, (unsigned int)12, (unsigned int)4, ReadWriteMode, GPIOA::GPIOAAFRLBase>, GPIOA::GPIOAAFRLBase, (unsigned int)7>::Set<ReadWriteMode, void>()
                         0x800'1fd5   0x14  Code  Gb  main.o [1]
void FieldValueBase<GPIOA_AFRL_AFRL7_Values<GPIOA::AFRL, (unsigned int)8, (unsigned int)4, ReadWriteMode, GPIOA::GPIOAAFRLBase>, GPIOA::GPIOAAFRLBase, (unsigned int)7>::Set<ReadWriteMode, void>()
                         0x800'1fe9   0x14  Code  Gb  main.o [1]
void FieldValueBase<GPIOA_MODER_MODER15_Values<GPIOA::MODER, (unsigned int)0, (unsigned int)2, ReadWriteMode, GPIOA::GPIOAMODERBase>, GPIOA::GPIOAMODERBase, (unsigned int)3>::Set<ReadWriteMode, void>()
                         0x800'2235   0x14  Code  Gb  startup.o [1]
void FieldValueBase<GPIOA_MODER_MODER15_Values<GPIOA::MODER, (unsigned int)4, (unsigned int)2, ReadWriteMode, GPIOA::GPIOAMODERBase>, GPIOA::GPIOAMODERBase, (unsigned int)2>::Set<ReadWriteMode, void>()
                         0x800'1fc1   0x14  Code  Gb  main.o [1]
void FieldValueBase<GPIOA_MODER_MODER15_Values<GPIOA::MODER, (unsigned int)6, (unsigned int)2, ReadWriteMode, GPIOA::GPIOAMODERBase>, GPIOA::GPIOAMODERBase, (unsigned int)2>::Set<ReadWriteMode, void>()
                         0x800'1fad   0x14  Code  Gb  main.o [1]
void FieldValueBase<GPIOA_PUPDR_PUPDR15_Values<GPIOA::PUPDR, (unsigned int)4, (unsigned int)2, ReadWriteMode, GPIOA::GPIOAPUPDRBase>, GPIOA::GPIOAPUPDRBase, (unsigned int)0>::Set<ReadWriteMode, void>()
                         0x800'1ffd   0x10  Code  Gb  main.o [1]
void FieldValueBase<GPIOA_PUPDR_PUPDR15_Values<GPIOA::PUPDR, (unsigned int)6, (unsigned int)2, ReadWriteMode, GPIOA::GPIOAPUPDRBase>, GPIOA::GPIOAPUPDRBase, (unsigned int)1>::Set<ReadWriteMode, void>()
                         0x800'200d   0x14  Code  Gb  main.o [1]
void FieldValueBase<RCC_AHB1ENR_DMA2EN_Values<RCC::AHB1ENR, (unsigned int)0, (unsigned int)1, ReadWriteMode, RCC::RCCAHB1ENRBase>, RCC::RCCAHB1ENRBase, (unsigned int)1>::Set<ReadWriteMode, void>()
                         0x800'1f85   0x14  Code  Gb  startup.o [1]
void FieldValueBase<RCC_AHB1ENR_DMA2EN_Values<RCC::AHB1ENR, (unsigned int)2, (unsigned int)1, ReadWriteMode, RCC::RCCAHB1ENRBase>, RCC::RCCAHB1ENRBase, (unsigned int)1>::Set<ReadWriteMode, void>()
                         0x800'2b4d   0x14  Code  Gb  startup.o [1]
void FieldValueBase<RCC_AHB1ENR_DMA2EN_Values<RCC::APB1ENR, (unsigned int)0, (unsigned int)1, ReadWriteMode, RCC::RCCAPB1ENRBase>, RCC::RCCAPB1ENRBase, (unsigned int)1>::Set<ReadWriteMode, void>()
                         0x800'2a2d   0x14  Code  Gb  startup.o [1]
void FieldValueBase<RCC_AHB1ENR_DMA2EN_Values<RCC::APB1ENR, (unsigned int)17, (unsigned int)1, ReadWriteMode, RCC::RCCAPB1ENRBase>, RCC::RCCAPB1ENRBase, (unsigned int)1>::Set<ReadWriteMode, void>()
                         0x800'1f99   0x14  Code  Gb  main.o [1]
void FieldValueBase<RCC_AHB1ENR_DMA2EN_Values<RCC::APB2ENR, (unsigned int)8, (unsigned int)1, ReadWriteMode, RCC::RCCAPB2ENRBase>, RCC::RCCAPB2ENRBase, (unsigned int)1>::Set<ReadWriteMode, void>()
                         0x800'216d   0x14  Code  Gb  startup.o [1]
void FieldValueBase<TIM2_CR1_CEN_Values<TIM2::CR1, (unsigned int)0, (unsigned int)1, ReadWriteMode, TIM2::TIM2CR1Base>, TIM2::TIM2CR1Base, (unsigned int)1>::Set<ReadWriteMode, void>()
                         0x800'2b61   0x12  Code  Gb  startup.o [1]
void FieldValueBase<TIM2_CR1_URS_Values<TIM2::CR1, (unsigned int)2, (unsigned int)1, ReadWriteMode, TIM2::TIM2CR1Base>, TIM2::TIM2CR1Base, (unsigned int)1>::Set<ReadWriteMode, void>()
                         0x800'2a41   0x12  Code  Gb  startup.o [1]
void FieldValueBase<TIM2_DIER_UIE_Values<TIM2::DIER, (unsigned int)0, (unsigned int)1, ReadWriteMode, TIM2::TIM2DIERBase>, TIM2::TIM2DIERBase, (unsigned int)1>::Set<ReadWriteMode, void>()
                         0x800'2a6d   0x14  Code  Gb  startup.o [1]
void FieldValueBase<TIM2_SR_UIF_Values<TIM2::SR, (unsigned int)0, (unsigned int)1, ReadWriteMode, TIM2::TIM2SRBase>, TIM2::TIM2SRBase, (unsigned int)0>::Set<ReadWriteMode, void>()
                         0x800'29f1   0x10  Code  Gb  startup.o [1]
void FieldValueBase<USART2_CR1_M_Values<USART2::CR1, (unsigned int)12, (unsigned int)1, ReadWriteMode, USART2::USART2CR1Base>, USART2::USART2CR1Base, (unsigned int)0>::Set<ReadWriteMode, void>()
                         0x800'2031   0x10  Code  Gb  main.o [1]
void FieldValueBase<USART2_CR1_OVER8_Values<USART2::CR1, (unsigned int)15, (unsigned int)1, ReadWriteMode, USART2::USART2CR1Base>, USART2::USART2CR1Base, (unsigned int)0>::Set<ReadWriteMode, void>()
                         0x800'2021   0x10  Code  Gb  main.o [1]
void FieldValueBase<USART2_CR1_PCE_Values<USART2::CR1, (unsigned int)10, (unsigned int)1, ReadWriteMode, USART2::USART2CR1Base>, USART2::USART2CR1Base, (unsigned int)0>::Set<ReadWriteMode, void>()
                         0x800'2051   0x10  Code  Gb  main.o [1]
void FieldValueBase<USART2_CR1_RE_Values<USART2::CR1, (unsigned int)2, (unsigned int)1, ReadWriteMode, USART2::USART2CR1Base>, USART2::USART2CR1Base, (unsigned int)1>::Set<ReadWriteMode, void>()
                         0x800'2075   0x14  Code  Gb  main.o [1]
void FieldValueBase<USART2_CR1_RXNEIE_Values<USART2::CR1, (unsigned int)5, (unsigned int)1, ReadWriteMode, USART2::USART2CR1Base>, USART2::USART2CR1Base, (unsigned int)1>::Set<ReadWriteMode, void>()
                         0x800'2095   0x14  Code  Gb  main.o [1]
void FieldValueBase<USART2_CR1_TE_Values<USART2::CR1, (unsigned int)3, (unsigned int)1, ReadWriteMode, USART2::USART2CR1Base>, USART2::USART2CR1Base, (unsigned int)1>::Set<ReadWriteMode, void>()
                         0x800'2061   0x14  Code  Gb  main.o [1]
void FieldValueBase<USART2_CR1_UE_Values<USART2::CR1, (unsigned int)13, (unsigned int)1, ReadWriteMode, USART2::USART2CR1Base>, USART2::USART2CR1Base, (unsigned int)1>::Set<ReadWriteMode, void>()
                         0x800'2135   0x14  Code  Gb  main.o [1]
void FieldValueBase<USART2_CR2_STOP_Values<USART2::CR2, (unsigned int)12, (unsigned int)2, ReadWriteMode, USART2::USART2CR2Base>, USART2::USART2CR2Base, (unsigned int)0>::Set<ReadWriteMode, void>()
                         0x800'2041   0x10  Code  Gb  main.o [1]
void RegisterBase<(unsigned int)1073741860, (unsigned int)32, ReadWriteMode>::Write<ReadWriteMode, void>(unsigned int)
                         0x800'2a81    0xc  Code  Gb  startup.o [1]
void RegisterBase<(unsigned int)1073741864, (unsigned int)32, ReadWriteMode>::Write<ReadWriteMode, void>(unsigned int)
                         0x800'2a61    0xc  Code  Gb  startup.o [1]
void RegisterBase<(unsigned int)1073741868, (unsigned int)32, ReadWriteMode>::Write<ReadWriteMode, void>(unsigned int)
                         0x800'2a55    0xc  Code  Gb  startup.o [1]
void RegisterBase<(unsigned int)1073759236, (unsigned int)32, ReadWriteMode>::Write<ReadWriteMode, void>(unsigned int)
                         0x800'2741    0xc  Code  Gb  startup.o [1]
void RegisterBase<(unsigned int)1073815568, (unsigned int)32, ReadWriteMode>::Write<ReadWriteMode, void>(unsigned int)
                         0x800'2201    0xc  Code  Gb  startup.o [1]
void RegisterBase<(unsigned int)1073872896, (unsigned int)32, ReadWriteMode>::Write<ReadWriteMode, void>(unsigned int)
                         0x800'2999    0xc  Code  Gb  startup.o [1]
void RegisterBase<(unsigned int)1073872920, (unsigned int)32, WriteMode>::Write<WriteMode, void>(unsigned int)
                         0x800'2c0d    0xc  Code  Gb  startup.o [1]
void RegisterBase<(unsigned int)1073874944, (unsigned int)32, ReadWriteMode>::Write<ReadWriteMode, void>(unsigned int)
                         0x800'2955    0xc  Code  Gb  startup.o [1]
void RegisterBase<(unsigned int)1073874968, (unsigned int)32, WriteMode>::Write<WriteMode, void>(unsigned int)
                         0x800'2bf1    0xc  Code  Gb  startup.o [1]
void RegisterBase<(unsigned int)3758153984, (unsigned int)32, ReadWriteMode>::Write<ReadWriteMode, void>(unsigned int)
                         0x800'20ed    0xc  Code  Gb  main.o [1]
void RegisterBase<(unsigned int)3758153988, (unsigned int)32, ReadWriteMode>::Write<ReadWriteMode, void>(unsigned int)
                         0x800'2089    0xc  Code  Gb  main.o [1]
void RegisterField<ADC1::SQR3, (unsigned int)0, (unsigned int)5, ReadWriteMode>::Set<ReadWriteMode, void>(unsigned int)
                         0x800'24e5   0x30  Code  Gb  startup.o [1]
void RegisterField<ADC1::SQR3, (unsigned int)0, (unsigned int)5, ReadWriteMode>::Set<ReadWriteMode, void>(unsigned int)::string
                         0x800'2b1c   0x18  Data  Gb  startup.o [1]
void RegisterField<ADC1::SQR3, (unsigned int)0, (unsigned int)5, ReadWriteMode>::Set<ReadWriteMode, void>(unsigned int)::string (instance 2)
                         0x800'27c8   0x50  Data  Gb  startup.o [1]
void RegisterField<USART2::BRR, (unsigned int)4, (unsigned int)12, ReadWriteMode>::Set<ReadWriteMode, void>(unsigned int)
                         0x800'20b9   0x34  Code  Gb  main.o [1]
void RegisterField<USART2::BRR, (unsigned int)4, (unsigned int)12, ReadWriteMode>::Set<ReadWriteMode, void>(unsigned int)::string
                         0x800'2b04   0x18  Data  Gb  main.o [1]
void RegisterField<USART2::BRR, (unsigned int)4, (unsigned int)12, ReadWriteMode>::Set<ReadWriteMode, void>(unsigned int)::string (instance 2)
                         0x800'275c   0x6c  Data  Gb  main.o [1]


[1] = C:\Users\User\Downloads\Kprojet9\Debug\Obj
[2] = dl7M_tln.a
[3] = dlpp7M_tl_nc.a
[4] = m7M_tls.a
[5] = rt7M_tl.a
[6] = shb_l.a

  10'625 bytes of readonly  code memory
     791 bytes of readonly  data memory
   8'399 bytes of readwrite data memory

Errors: none
Warnings: none
